| lambda.cs:11:27:11:38 | access to property Body |
| lambda.cs:12:29:12:43 | access to property Cookies |
| lambda.cs:14:30:14:44 | access to property RawPath |
| lambda.cs:15:31:15:52 | access to property RawQueryString |
| lambda.cs:16:13:16:34 | access to property PathParameters |
| lambda.cs:18:29:18:43 | access to property Headers |
| lambda.cs:19:13:19:27 | access to property Headers |
